
  Linking design 'arm'
  Using the following designs and libraries:
  --------------------------------------------------------------------------
  * (4 designs)               /users/ugrad/2016/fall/jaredhl/EECS112L/Lab_again/syn/arm.db, etc
  saed32lvt_tt1p05vn40c (library) /users/ugrad2/2012/spring/pooriam/libraries/saed32lvt_tt1p05vn40c.db
  saed32sram_tt1p05vn40c (library) /users/ugrad2/2012/spring/pooriam/libraries/saed32sram_tt1p05vn40c.db
  dw_foundation.sldb (library) /ecelib/linware/synopsys15/dc/libraries/syn/dw_foundation.sldb

Information: Building the design 'datapath'. (HDL-193)
Warning: Cannot find the design 'datapath' in the library 'WORK'. (LBR-1)
Information: Building the design 'decoder'. (HDL-193)
Warning: Cannot find the design 'decoder' in the library 'WORK'. (LBR-1)
Information: Building the design 'flopenr' instantiated from design 'condlogic' with
	the parameters "2". (HDL-193)
Warning: Cannot find the design 'flopenr' in the library 'WORK'. (LBR-1)
Warning: Unable to resolve reference 'datapath' in 'arm'. (LINK-5)
Warning: Unable to resolve reference 'decoder' in 'controller'. (LINK-5)
Warning: Unable to resolve reference 'flopenr' in 'condlogic'. (LINK-5)
0
